%%%-------------------------------------------------------------------
%%% 
%%%-------------------------------------------------------------------
%%%-------------------------------------------------------------------
BetaHPeroxyToOlefin-HHHH .c(h)(h)c(h)(h)(ooh) = olefin-(hh)(hh) peroxyl-radical
- ID 201111
- Correspondences
1 2 3 4 5 6 7 8 9      2 4 2 2 2 2 2 2
1 2 6 7 8 9            2 2 2 2 2
3 4 5                  2 2
>  <ForwardRxn>
Standard 5.42e+9 0.0 0.0 4; Ranzi Value ; Estimate  

>  <ReverseRxn>
Standard 7.6e+16 0.0 16358 1; Ranzi Value ; Estimate  
$$$$
%%%-------------------------------------------------------------------
BetaHPeroxyToOlefin-RHHH .c(r)(h)c(h)(h)(ooh) = olefin-(rh)(hh) peroxyl-radical
- ID 202111
- Correspondences
1 2 3 4 5 6 7 8 9      2 4 2 2 2 2 2 2
1 2 6 7 8 9            2 2 2 2 2
3 4 5                  2 2
>  <ForwardRxn>
Standard 5.42e+9 0.0 0.0 2; Ranzi Value ; Estimate  

>  <ReverseRxn>
Standard 7.6e+16 0.0 16358 1; Ranzi Value ; Estimate  
$$$$
%%%-------------------------------------------------------------------
BetaHPeroxyToOlefin-RRHH .c(r)(r)c(h)(h)(ooh) = olefin-(rr)(hh) peroxyl-radical
- ID 202211
- Correspondences
1 2 3 4 5 6 7 8 9      2 4 2 2 2 2 2 2
1 2 6 7 8 9            2 2 2 2 2
3 4 5                  2 2
>  <ForwardRxn>
Standard 5.42e+9 0.0 0.0 4; Ranzi Value ; Estimate  

>  <ReverseRxn>
Standard 7.6e+16 0.0 16358 1; Ranzi Value ; Estimate  
$$$$
%%%-------------------------------------------------------------------
BetaHPeroxyToOlefin-HHRH .c(h)(h)c(r)(h)(ooh) = olefin-(rh)(hh) peroxyl-radical
- ID 201121
- Correspondences
1 2 3 4 5 6 7 8 9      2 4 2 2 2 2 2 2
1 2 8 9 6 7            2 2 2 2 2
3 4 5                  2 2
>  <ForwardRxn>
Standard 5.42e+9 0.0 0.0 2; Ranzi Value ; Estimate  

>  <ReverseRxn>
Standard 7.6e+16 0.0 16358 1; Ranzi Value ; Estimate  
$$$$
%%%-------------------------------------------------------------------
BetaHPeroxyToOlefin-RHRH .c(r)(h)c(r)(h)(ooh) = olefin-(rh)(rh) peroxyl-radical
- ID 202121
- Correspondences
1 2 3 4 5 6 7 8 9      2 4 2 2 2 2 2 2
1 2 6 7 8 9            2 2 2 2 2
3 4 5                  2 2
>  <ForwardRxn>
Standard 5.42e+9 0.0 0.0 1; Ranzi Value ; Estimate  

>  <ReverseRxn>
Standard 7.6e+16 0.0 16358 1; Ranzi Value ; Estimate  
$$$$
%%%-------------------------------------------------------------------
BetaHPeroxyToOlefin-RRRH .c(r)(r)c(r)(h)(ooh) = olefin-(rr)(rh) peroxyl-radical
- ID 202221
- Correspondences
1 2 3 4 5 6 7 8 9      2 4 2 2 2 2 2 2
1 2 6 7 8 9            2 2 2 2 2
3 4 5                  2 2
>  <ForwardRxn>
Standard 5.42e+9 0.0 0.0 2; Ranzi Value ; Estimate  

>  <ReverseRxn>
Standard 7.6e+16 0.0 16358 1; Ranzi Value ; Estimate  
$$$$
%%%-------------------------------------------------------------------
%%%-------------------------------------------------------------------
BetaHPeroxyToOlefin-HHRR .c(h)(h)c(r)(r)(ooh) = olefin-(rr)(hh) peroxyl-radical
- ID 201122
- Correspondences
1 2 3 4 5 6 7 8 9      2 4 2 2 2 2 2 2
1 2 8 9 6 7            2 2 2 2 2
3 4 5                  2 2
>  <ForwardRxn>
Standard 5.42e+9 0.0 0.0 4; Ranzi Value ; Estimate  

>  <ReverseRxn>
Standard 7.6e+16 0.0 16358 1; Ranzi Value ; Estimate  
$$$$
%%%-------------------------------------------------------------------
BetaHPeroxyToOlefin-RHRR .c(r)(h)c(r)(r)(ooh) = olefin-(rr)(rh) peroxyl-radical
- ID 202122
- Correspondences
1 2 3 4 5 6 7 8 9      2 4 2 2 2 2 2 2
1 2 8 9 6 7            2 2 2 2 2
3 4 5                  2 2
>  <ForwardRxn>
Standard 5.42e+9 0.0 0.0 2; Ranzi Value ; Estimate  

>  <ReverseRxn>
Standard 7.6e+16 0.0 16358 1; Ranzi Value ; Estimate  
$$$$
%%%-------------------------------------------------------------------
BetaHPeroxyToOlefin-RRRR .c(r)(r)c(r)(r)(ooh) = olefin-(rr)(rr) peroxyl-radical
- ID 202222
- Correspondences
1 2 3 4 5 6 7 8 9      2 4 2 2 2 2 2 2
1 2 6 7 8 9            2 2 2 2 2
3 4 5                  2 2
>  <ForwardRxn>
Standard 5.42e+9 0.0 0.0 4; Ranzi Value ; Estimate  

>  <ReverseRxn>
Standard 7.6e+16 0.0 16358 1; Ranzi Value ; Estimate  
$$$$



