1-propylperoxy-radical
- AlternativeNames CHEMKIN nc3h7o2
1-pentylperoxy-radical
- AlternativeNames CHEMKIN c5h11o2-1
1-hexylperoxy-radical
- AlternativeNames CHEMKIN c6h13o2-1
1-heptylperoxy-radical
- AlternativeNames CHEMKIN c7h15o2-1
1-propyl-1-hydroperoxy-radical
- AlternativeNames CHEMKIN nc3h7o2
2-propyl-1-hydroperoxy-radical 
- AlternativeNames CHEMKIN c3h6ooh1-2
1-pentyl-1-hydroperoxy-radical
- AlternativeNames CHEMKIN c5h10ooh1-1
1 alkyl-1-peroxyradicals
2-pentyl-1-hydroperoxy-radical
- AlternativeNames CHEMKIN c5h10ooh1-2
3-pentyl-1-hydroperoxy-radical 
- AlternativeNames CHEMKIN c5h10ooh1-3
1-hexyl-1-hydroperoxy-radical
- AlternativeNames CHEMKIN c6h12ooh1-1
2-hexyl-1-hydroperoxy-radical
- AlternativeNames CHEMKIN c6h12ooh1-2
3-hexyl-1-hydroperoxy-radical
- AlternativeNames CHEMKIN c6h12ooh1-3
1-heptyl-1-hydroperoxy-radical
- AlternativeNames CHEMKIN c7h14ooh1-1
2-heptyl-1-hydroperoxy-radical
- AlternativeNames CHEMKIN c7h14ooh1-2
3-heptyl-1-hydroperoxy-radical
- AlternativeNames CHEMKIN c7h14ooh1-3
4-heptyl-1-hydroperoxy-radical
- AlternativeNames CHEMKIN c7h14ooh1-4
