%%%-------------------------------------------------------------------
%%% 
%%%-------------------------------------------------------------------
%%%   Symmetry 2*2 = 4
%%%-------------------------------------------------------------------
PropenylIsomerization-(hh)(h)(hh) \
   alphaolefin-radical(hh)(h)(hh) = alphaolefin-radical(h)(h)(hhh)
- ID 42701
- Correspondences
1 2 3 4 5 6 7 8          2 2 2 4 2 2 2
1 2 3 4 6 7 8 5          2 2 2 2 2 2 4
>  <ReverseRxn>
Standard 5.01e+13 0.0 37000 4; Come Value ; Estimate  Come Propene chchch3 = ch2chch2
$$$$
%%%-------------------------------------------------------------------
%%%   Symmetry 2*2 = 4
%%%-------------------------------------------------------------------
PropenylIsomerization-(rh)(h)(hh) \
   alphaolefin-radical(rh)(h)(hh) = alphaolefin-radical(r)(h)(hhh)
- ID 42702
- Correspondences
1 2 3 4 5 6 7 8          2 2 2 4 2 2 2
1 2 3 4 6 7 8 5          2 2 2 2 2 2 4
>  <ReverseRxn>
Standard 5.01e+13 0.0 37000 4; Come Value ; Estimate  Come Propene chchch3 = ch2chch2
$$$$
%%%-------------------------------------------------------------------
%%%   Symmetry 2*2 = 4
%%%-------------------------------------------------------------------
PropenylIsomerization-(hh)(r)(hh) \
   alphaolefin-radical(hh)(r)(hh) = alphaolefin-radical(h)(r)(hhh)
- ID 42703
- Correspondences
1 2 3 4 5 6 7 8          2 2 2 4 2 2 2
1 2 3 4 6 7 8 5          2 2 2 2 2 2 4
>  <ReverseRxn>
Standard 5.01e+13 0.0 37000 4; Come Value ; Estimate  Come Propene chchch3 = ch2chch2
$$$$
%%%-------------------------------------------------------------------
%%%   Symmetry 2*2 = 4
%%%-------------------------------------------------------------------
PropenylIsomerization-(rh)(r)(hh) \
   alphaolefin-radical(rh)(r)(hh) = alphaolefin-radical(r)(r)(hhh)
- ID 42704
- Correspondences
1 2 3 4 5 6 7 8          2 2 2 4 2 2 2
1 2 3 4 6 7 8 5          2 2 2 2 2 2 4
>  <ReverseRxn>
Standard 5.01e+13 0.0 37000 4; Come Value ; Estimate  Come Propene chchch3 = ch2chch2
$$$$
%%%-------------------------------------------------------------------
%%%   Symmetry 2*2 = 4
%%%-------------------------------------------------------------------
PropenylIsomerization-(hh)(h)(rh) \
   alphaolefin-radical(hh)(h)(rh) = alphaolefin-radical(h)(h)(rhh)
- ID 42705
- Correspondences
1 2 3 4 5 6 7 8          2 2 2 4 2 2 2
1 2 3 4 6 7 8 5          2 2 2 2 2 2 4
>  <ReverseRxn>
Standard 5.01e+13 0.0 37000 4; Come Value ; Estimate  Come Propene chchch3 = ch2chch2
$$$$
%%%-------------------------------------------------------------------
%%%   Symmetry 2*2 = 4
%%%-------------------------------------------------------------------
PropenylIsomerization-(rh)(h)(rh) \
   alphaolefin-radical(rh)(h)(rh) = alphaolefin-radical(r)(h)(rhh)
- ID 42706
- Correspondences
1 2 3 4 5 6 7 8          2 2 2 4 2 2 2
1 2 3 4 6 7 8 5          2 2 2 2 2 2 4
>  <ReverseRxn>
Standard 5.01e+13 0.0 37000 4; Come Value ; Estimate  Come Propene chchch3 = ch2chch2
$$$$
%%%-------------------------------------------------------------------
%%%   Symmetry 2*2 = 4
%%%-------------------------------------------------------------------
PropenylIsomerization-(hh)(r)(rh) \
   alphaolefin-radical(hh)(r)(rh) = alphaolefin-radical(h)(r)(rhh)
- ID 42707
- Correspondences
1 2 3 4 5 6 7 8          2 2 2 4 2 2 2
1 2 3 4 6 7 8 5          2 2 2 2 2 2 4
>  <ReverseRxn>
Standard 5.01e+13 0.0 37000 4; Come Value ; Estimate  Come Propene chchch3 = ch2chch2
$$$$
%%%-------------------------------------------------------------------
%%%   Symmetry 2*2 = 4
%%%-------------------------------------------------------------------
PropenylIsomerization-(rh)(r)(rh) \
   alphaolefin-radical(rh)(r)(rh) = alphaolefin-radical(r)(r)(rhh)
- ID 42708
- Correspondences
1 2 3 4 5 6 7 8          2 2 2 4 2 2 2
1 2 3 4 6 7 8 5          2 2 2 2 2 2 4
>  <ReverseRxn>
Standard 5.01e+13 0.0 37000 4; Come Value ; Estimate  Come Propene chchch3 = ch2chch2
$$$$
%%%-------------------------------------------------------------------
%%%   Symmetry 2*2 = 4
%%%-------------------------------------------------------------------
PropenylIsomerization-(hh)(h)(rr) \
   alphaolefin-radical(hh)(h)(rr) = alphaolefin-radical(h)(h)(rrh)
- ID 42709
- Correspondences
1 2 3 4 5 6 7 8          2 2 2 4 2 2 2
1 2 3 4 6 7 8 5          2 2 2 2 2 2 4
>  <ReverseRxn>
Standard 5.01e+13 0.0 37000 4; Come Value ; Estimate  Come Propene chchch3 = ch2chch2
$$$$
%%%-------------------------------------------------------------------
%%%   Symmetry 2*2 = 4
%%%-------------------------------------------------------------------
PropenylIsomerization-(rh)(h)(rr) \
   alphaolefin-radical(rh)(h)(rr) = alphaolefin-radical(r)(h)(rrh)
- ID 42710
- Correspondences
1 2 3 4 5 6 7 8          2 2 2 4 2 2 2
1 2 3 4 6 7 8 5          2 2 2 2 2 2 4
>  <ReverseRxn>
Standard 5.01e+13 0.0 37000 4; Come Value ; Estimate  Come Propene chchch3 = ch2chch2
$$$$
%%%-------------------------------------------------------------------
%%%   Symmetry 2*2 = 4
%%%-------------------------------------------------------------------
PropenylIsomerization-(hh)(r)(rr) \
   alphaolefin-radical(hh)(r)(rr) = alphaolefin-radical(h)(r)(rrh)
- ID 42711
- Correspondences
1 2 3 4 5 6 7 8          2 2 2 4 2 2 2
1 2 3 4 6 7 8 5          2 2 2 2 2 2 4
>  <ReverseRxn>
Standard 5.01e+13 0.0 37000 4; Come Value ; Estimate  Come Propene chchch3 = ch2chch2
$$$$
%%%-------------------------------------------------------------------
%%%   Symmetry 2*2 = 4
%%%-------------------------------------------------------------------
PropenylIsomerization-(rh)(r)(rr) \
   alphaolefin-radical(rh)(r)(rr) = alphaolefin-radical(r)(r)(rrh)
- ID 42712
- Correspondences
1 2 3 4 5 6 7 8          2 2 2 4 2 2 2
1 2 3 4 6 7 8 5          2 2 2 2 2 2 4
>  <ReverseRxn>
Standard 5.01e+13 0.0 37000 4; Come Value ; Estimate  Come Propene chchch3 = ch2chch2
$$$$
