2-propylperoxy-radical
- AlternativeNames CHEMKIN ic3h7o2
2-pentylperoxy-radical
- AlternativeNames CHEMKIN c5h11o2-2
2-hexylperoxy-radical
- AlternativeNames CHEMKIN c6h13o2-2
2-heptylperoxy-radical
- AlternativeNames CHEMKIN c7h15o2-2
1-propyl-2-hydroperoxy-radical
- AlternativeNames CHEMKIN c3h6ooh1-2
2-propyl-2-hydroperoxy-radical
- AlternativeNames CHEMKIN c3h6ooh2-2
1-pentyl-2-hydroperoxy-radical
- AlternativeNames CHEMKIN c5h10ooh2-1
2-pentyl-2-hydroperoxy-radical
- AlternativeNames CHEMKIN c5h10ooh2-2
1 alkyl-1-peroxyradicals
3-pentyl-2-hydroperoxy-radical
- AlternativeNames CHEMKIN c5h10ooh2-1
1-hexyl-2-hydroperoxy-radical
- AlternativeNames CHEMKIN c6h12ooh2-1
2-hexyl-2-hydroperoxy-radical
- AlternativeNames CHEMKIN c6h12ooh2-2
3-hexyl-2-hydroperoxy-radical
- AlternativeNames CHEMKIN c6h12ooh2-3
1-heptyl-2-hydroperoxy-radical
- AlternativeNames CHEMKIN c7h14ooh2-1
2-heptyl-2-hydroperoxy-radical
- AlternativeNames CHEMKIN c7h14ooh2-2
3-heptyl-2-hydroperoxy-radical
- AlternativeNames CHEMKIN c7h14ooh2-3
