1-propyl-1-hydroperoxy-radical
- AlternativeNames CHEMKIN 1OOH1C3H6
1-propyl-2-hydroperoxy-radical
- AlternativeNames CHEMKIN 2OOH1C3H6
2-propyl-1-hydroperoxy-radical
- AlternativeNames CHEMKIN 1OOH2C3H6
2-propyl-2-hydroperoxy-radical
- AlternativeNames CHEMKIN 2OOH2C3H6
3-propyl-1-hydroperoxy-radical
- AlternativeNames CHEMKIN 1OOH3C3H6
3-propyl-2-hydroperoxy-radical
- AlternativeNames CHEMKIN 2OOH3C3H6
1-butyl-1-hydroperoxy-radical
- AlternativeNames CHEMKIN 1OOH1C4H8
1-butyl-2-hydroperoxy-radical
- AlternativeNames CHEMKIN CH2CHOOHC2H5
2-butyl-1-hydroperoxy-radical
- AlternativeNames CHEMKIN 1OOH2C4H8
2-butyl-2-hydroperoxy-radical
- AlternativeNames CHEMKIN 2OOH2C4H8
3-butyl-1-hydroperoxy-radical
- AlternativeNames CHEMKIN 1OOH3C4H8
4-butyl-1-hydroperoxy-radical
- AlternativeNames CHEMKIN 1OOH4C4H8
1-pentyl-1-hydroperoxy-radical
- AlternativeNames CHEMKIN 1OOH1C5H10
2-pentyl-1-hydroperoxy-radical
- AlternativeNames CHEMKIN 1OOH2C5H10
2-pentyl-2-hydroperoxy-radical
- AlternativeNames CHEMKIN 2OOH2C5H11
3-pentyl-1-hydroperoxy-radical
- AlternativeNames CHEMKIN 1OOH3C5H11
3-pentyl-1-hydroperoxy-radical
- AlternativeNames CHEMKIN 1OOH3C5H10
3-butyl-2-hydroperoxy-radical
- AlternativeNames CHEMKIN 2OOH3C4H8
4-pentyl-2-hydroperoxy-radical
- AlternativeNames CHEMKIN 2OOH4C7H14
4-butyl-2-hydroperoxy-radical
- AlternativeNames CHEMKIN 2OOH4C4H8
1-pentyl-2-hydroperoxy-radical
- AlternativeNames CHEMKIN 2OOH1C5H10
3-pentyl-2-hydroperoxy-radical
- AlternativeNames CHEMKIN 2OOH3C5H10
4-pentyl-1-hydroperoxy-radical
- AlternativeNames CHEMKIN 1OOH4C5H10
5-pentyl-2-hydroperoxy-radical
- AlternativeNames CHEMKIN 2OOH5C5H10
1-hexyl-1-hydroperoxy-radical
- AlternativeNames CHEMKIN 1OOH1C6H12
1-hexyl-2-hydroperoxy-radical
- AlternativeNames CHEMKIN 2OOH1C6H14
2-hexyl-1-hydroperoxy-radical
- AlternativeNames CHEMKIN 1OOH2C6H12
2-hexyl-2-hydroperoxy-radical
- AlternativeNames CHEMKIN 2OOH2C6H12
3-hexyl-1-hydroperoxy-radical
- AlternativeNames CHEMKIN 1OOH3C6H13
3-hexyl-2-hydroperoxy-radical
- AlternativeNames CHEMKIN 2OOH3C6H12
4-hexyl-1-hydroperoxy-radical
- AlternativeNames CHEMKIN 1OOH4C6H12
4-hexyl-2-hydroperoxy-radical
- AlternativeNames CHEMKIN 2OOH4C7H15
5-hexyl-1-hydroperoxy-radical
- AlternativeNames CHEMKIN 1OOH5C6H15
5-hexyl-2-hydroperoxy-radical
- AlternativeNames CHEMKIN 2OOH5C6H12
6-hexyl-1-hydroperoxy-radical
- AlternativeNames CHEMKIN 1OOHC6H12
6-hexyl-2-hydroperoxy-radical
- AlternativeNames CHEMKIN 2OOH6C6H12
1-heptyl-1-hydroperoxy-radical
- AlternativeNames CHEMKIN 1OOH1C7H14
1-heptyl-2-hydroperoxy-radical
- AlternativeNames CHEMKIN 2OOH1C7H14
2-heptyl-1-hydroperoxy-radical
- AlternativeNames CHEMKIN 1OOH2C7H14
2-heptyl-2-hydroperoxy-radical
- AlternativeNames CHEMKIN 2OOH2C7H14
3-heptyl-1-hydroperoxy-radical
- AlternativeNames CHEMKIN 1OOH3C7H14
3-heptyl-2-hydroperoxy-radical
- AlternativeNames CHEMKIN 2OOH3C7H14
4-heptyl-1-hydroperoxy-radical
- AlternativeNames CHEMKIN 1OOH4C7H14
4-heptyl-2-hydroperoxy-radical
- AlternativeNames CHEMKIN 2OOH4C7H14
5-heptyl-1-hydroperoxy-radical
- AlternativeNames CHEMKIN 1OOH5C7H14
5-heptyl-2-hydroperoxy-radical
- AlternativeNames CHEMKIN 2OOH5C4H8
6-heptyl-1-hydroperoxy-radical
- AlternativeNames CHEMKIN 1OOH6C7H14
6-heptyl-2-hydroperoxy-radical
- AlternativeNames CHEMKIN 2OOH6C7H14
7-heptyl-1-hydroperoxy-radical
- AlternativeNames CHEMKIN 1OOHC7H14
7-heptyl-2-hydroperoxy-radical
- AlternativeNames CHEMKIN 2OOH7C7H14

