1-buten-3-yne
1-butene
1-butyl-1-hydroperoxy-radical
1-butyl-2-hydroperoxy-radical
1-butyl-radical
1-butylperoxy-radical
1-butyne
1-decene
1-heptene
1-heptyl-1-hydroperoxy-radical
1-heptyl-2-hydroperoxy-radical
1-heptyl-radical
1-heptylperoxy-radical
1-hexene
1-hexyl-1-hydroperoxy-radical
1-hexyl-2-hydroperoxy-radical
1-hexyl-radical
1-hexylperoxy-radical
1-methylbutane
1-methyldecane
1-methylhexane
1-methylnonane
1-methyloctane
1-methylpentane
1-methylpropane
1-nonene
1-nonyl-radical
1-octene
1-octyl-radical
1-pentene
1-pentyl-1-hydroperoxy-radical
1-pentyl-2-hydroperoxy-radical
1-pentyl-radical
1-pentylperoxy-radical
1-propene-3-ol
1-propyl-1-hydroperoxy-radical
1-propyl-2-hydroperoxy-radical
1-propyl-radical
1-propylperoxy-radical
2,2-dmethylbutane
2,2-dmethylheptane
2,2-dmethylhexane
2,2-dmethylnonane
2,2-dmethyloctane
2,2-dmethylpentane
2,2-dmethylpropane
2-butyl-1-hydroperoxy-radical
2-butyl-2-hydroperoxy-radical
2-butyl-radical
2-butylperoxy-radical
2-butynyl-radical
2-decene
2-heptene
2-heptyl-1-hydroperoxy-radical
2-heptyl-2-hydroperoxy-radical
2-heptyl-radical
2-heptylperoxy-radical
2-hexene
2-hexyl-1-hydroperoxy-radical
2-hexyl-2-hydroperoxy-radical
2-hexyl-radical
2-hexylperoxy-radical
2-nonene
2-nonyl-radical
2-octene
2-octyl-radical
2-pentene
2-pentyl-1-hydroperoxy-radical
2-pentyl-2-hydroperoxy-radical
2-pentyl-radical
2-pentylperoxy-radical
2-propenyl-radical
2-propyl-1-hydroperoxy-radical
2-propyl-2-hydroperoxy-radical
2-propyl-radical
2-propylperoxy-radical
2-propynyl
3-butyl-1-hydroperoxy-radical
3-butyl-2-hydroperoxy-radical
3-decene
3-heptene
3-heptyl-1-hydroperoxy-radical
3-heptyl-2-hydroperoxy-radical
3-heptyl-radical
3-hexene
3-hexyl-1-hydroperoxy-radical
3-hexyl-2-hydroperoxy-radical
3-hexyl-radical
3-methyldecane
3-methylheptane
3-methylhexane
3-methylnonane
3-methyloctane
3-methylpentane
3-nonene
3-nonyl-radical
3-octene
3-octyl-radical
3-pentene
3-pentyl-1-hydroperoxy-radical
3-pentyl-1-hydroperoxy-radical
3-pentyl-2-hydroperoxy-radical
3-pentyl-radical
3-propyl-1-hydroperoxy-radical
3-propyl-2-hydroperoxy-radical
4-butyl-1-hydroperoxy-radical
4-butyl-2-hydroperoxy-radical
4-decene
4-heptyl-1-hydroperoxy-radical
4-heptyl-2-hydroperoxy-radical
4-heptyl-radical
4-hexyl-1-hydroperoxy-radical
4-hexyl-2-hydroperoxy-radical
4-methyldecane
4-methylheptane
4-methylnonane
4-methyloctane
4-nonene
4-nonyl-radical
4-octene
4-octyl-radical
4-pentyl-1-hydroperoxy-radical
4-pentyl-2-hydroperoxy-radical
5-decene
5-heptyl-1-hydroperoxy-radical
5-heptyl-2-hydroperoxy-radical
5-hexyl-1-hydroperoxy-radical
5-hexyl-2-hydroperoxy-radical
5-methyldecane
5-methylnonane
5-nonyl-radical
5-pentyl-2-hydroperoxy-radical
6-heptyl-1-hydroperoxy-radical
6-heptyl-2-hydroperoxy-radical
6-hexyl-1-hydroperoxy-radical
6-hexyl-2-hydroperoxy-radical
7-heptyl-1-hydroperoxy-radical
7-heptyl-2-hydroperoxy-radical
aldehyde
allenal
allenal
allenal-radical
allenal-radical
allene
butadiene
butadiyne
butadiynyl
butane
butane
carbondioxide
carbonmonoxide
decane
dimethylperoxide
ethanal
ethanal
ethane
ethane
ethanoic-acid
ethanoic-acid
ethanol
ethanol
ethanoyl-radical
ethene
ethenyl-radical
ethoxy-radical
ethoxy-radical
ethyl-radical
ethylperoxide
ethylperoxide
ethylperoxy
ethylperoxy
ethyne
ethynyl-radical
formyl-radical
heptane
hexane
hydrogen
hydrogen-peroxide
hydrogen-radical
hydroxyl-radical
hydroxymethyl
isobutane
methane
methanol
methoxy-radical
methyl-radical
methylcarboxy
methylcarboxy
methylene
methylpercarboxy
methylpercarboxy
methylperoxide
methylperoxy
nitrogen
nitrogen-atom
nitrous-oxide
nonane
octane
oxirane
oxirane
oxyethene
oxygen
oxygen-atom
pentane
perethanoic-acid
perethanoic-acid
peroxyl-radical
propane
propane
propenal
propene
water
